Residue_Number,Residue_Name,Window,Hydropathy_Cutoff,Minimum_Blob_Length,blob_length,Normalized_Mean_Blob_Hydropathy,Min_Blob_Hydropathy,Blob_Type,Blob_Index_Number,Blob_Das-Pappu_Class,Blob_NCPR,Fraction_of_Positively_Charged_Residues,Fraction_of_Negatively_Charged_Residues,Fraction_of_Charged_Residues,Uversky_Diagram_Score,dSNP_enrichment,Blob_Disorder,Normalized_Kyte-Doolittle_hydropathy,Kyte-Doolittle_hydropathy
1,R,3,0.4,4,9,0.0,0.0,p,p1,5,1.0,1.0,0.0,1.0,0.7266435301868239,0,0.0,0.0,-4.5
2,R,3,0.4,4,9,0.0,0.0,p,p1,5,1.0,1.0,0.0,1.0,0.7266435301868239,0,0.0,0.0,-4.5
3,R,3,0.4,4,9,0.0,0.0,p,p1,5,1.0,1.0,0.0,1.0,0.7266435301868239,0,0.0,0.0,-4.5
4,R,3,0.4,4,9,0.0,0.0,p,p1,5,1.0,1.0,0.0,1.0,0.7266435301868239,0,0.0,0.0,-4.5
5,R,3,0.4,4,9,0.0,0.0,p,p1,5,1.0,1.0,0.0,1.0,0.7266435301868239,0,0.0,0.0,-4.5
6,R,3,0.4,4,9,0.0,0.0,p,p1,5,1.0,1.0,0.0,1.0,0.7266435301868239,0,0.0,0.0,-4.5
7,R,3,0.4,4,9,0.0,0.0,p,p1,5,1.0,1.0,0.0,1.0,0.7266435301868239,0,0.0,0.0,-4.5
8,R,3,0.4,4,9,0.0,0.0,p,p1,5,1.0,1.0,0.0,1.0,0.7266435301868239,0,0.0,0.0,-4.5
9,R,3,0.4,4,9,0.0,0.0,p,p1,5,1.0,1.0,0.0,1.0,0.7266435301868239,0,0.0,0.0,-4.5
10,I,3,0.4,4,9,1.0,1.0,h,h1,1,0.0,0.0,0.0,0.0,-0.5524650951568658,0,0.0,1.0,4.5
11,I,3,0.4,4,9,1.0,1.0,h,h1,1,0.0,0.0,0.0,0.0,-0.5524650951568658,0,0.0,1.0,4.5
12,I,3,0.4,4,9,1.0,1.0,h,h1,1,0.0,0.0,0.0,0.0,-0.5524650951568658,0,0.0,1.0,4.5
13,I,3,0.4,4,9,1.0,1.0,h,h1,1,0.0,0.0,0.0,0.0,-0.5524650951568658,0,0.0,1.0,4.5
14,I,3,0.4,4,9,1.0,1.0,h,h1,1,0.0,0.0,0.0,0.0,-0.5524650951568658,0,0.0,1.0,4.5
15,I,3,0.4,4,9,1.0,1.0,h,h1,1,0.0,0.0,0.0,0.0,-0.5524650951568658,0,0.0,1.0,4.5
16,I,3,0.4,4,9,1.0,1.0,h,h1,1,0.0,0.0,0.0,0.0,-0.5524650951568658,0,0.0,1.0,4.5
17,I,3,0.4,4,9,1.0,1.0,h,h1,1,0.0,0.0,0.0,0.0,-0.5524650951568658,0,0.0,1.0,4.5
18,I,3,0.4,4,9,1.0,1.0,h,h1,1,0.0,0.0,0.0,0.0,-0.5524650951568658,0,0.0,1.0,4.5
